  uiDraw.cpp
C:\Users\mathk\OneDrive\Documents\To Laptop - Doc\BYU-I\Fall 2025 BYUI Semester\CSE231 - Inheritance Design\InheritanceDesign\Lab07\uiDraw.cpp(33,10): error C1083: Cannot open include file: 'GL/glut.h': No such file or directory
  uiInteract.cpp
C:\Users\mathk\OneDrive\Documents\To Laptop - Doc\BYU-I\Fall 2025 BYUI Semester\CSE231 - Inheritance Design\InheritanceDesign\Lab07\uiInteract.cpp(34,10): error C1083: Cannot open include file: 'Gl/glut.h': No such file or directory
  entity.cpp
  Lab09.cpp
C:\Users\mathk\OneDrive\Documents\To Laptop - Doc\BYU-I\Fall 2025 BYUI Semester\CSE231 - Inheritance Design\InheritanceDesign\Lab09\Lab09.cpp(93,4): error C2065: 'Demo': undeclared identifier
C:\Users\mathk\OneDrive\Documents\To Laptop - Doc\BYU-I\Fall 2025 BYUI Semester\CSE231 - Inheritance Design\InheritanceDesign\Lab09\Lab09.cpp(93,10): error C2065: 'pDemo': undeclared identifier
C:\Users\mathk\OneDrive\Documents\To Laptop - Doc\BYU-I\Fall 2025 BYUI Semester\CSE231 - Inheritance Design\InheritanceDesign\Lab09\Lab09.cpp(93,19): error C2065: 'Demo': undeclared identifier
C:\Users\mathk\OneDrive\Documents\To Laptop - Doc\BYU-I\Fall 2025 BYUI Semester\CSE231 - Inheritance Design\InheritanceDesign\Lab09\Lab09.cpp(93,24): error C2059: syntax error: ')'
C:\Users\mathk\OneDrive\Documents\To Laptop - Doc\BYU-I\Fall 2025 BYUI Semester\CSE231 - Inheritance Design\InheritanceDesign\Lab09\Lab09.cpp(101,7): error C2065: 'pDemo': undeclared identifier
C:\Users\mathk\OneDrive\Documents\To Laptop - Doc\BYU-I\Fall 2025 BYUI Semester\CSE231 - Inheritance Design\InheritanceDesign\Lab09\Lab09.cpp(103,7): error C2065: 'pDemo': undeclared identifier
C:\Users\mathk\OneDrive\Documents\To Laptop - Doc\BYU-I\Fall 2025 BYUI Semester\CSE231 - Inheritance Design\InheritanceDesign\Lab09\Lab09.cpp(105,7): error C2065: 'pDemo': undeclared identifier
C:\Users\mathk\OneDrive\Documents\To Laptop - Doc\BYU-I\Fall 2025 BYUI Semester\CSE231 - Inheritance Design\InheritanceDesign\Lab09\Lab09.cpp(107,7): error C2065: 'pDemo': undeclared identifier
C:\Users\mathk\OneDrive\Documents\To Laptop - Doc\BYU-I\Fall 2025 BYUI Semester\CSE231 - Inheritance Design\InheritanceDesign\Lab09\Lab09.cpp(115,4): error C2065: 'pDemo': undeclared identifier
C:\Users\mathk\OneDrive\Documents\To Laptop - Doc\BYU-I\Fall 2025 BYUI Semester\CSE231 - Inheritance Design\InheritanceDesign\Lab09\Lab09.cpp(115,25): error C2065: 'EARTH_ROTATION_PER_FRAME': undeclared identifier
C:\Users\mathk\OneDrive\Documents\To Laptop - Doc\BYU-I\Fall 2025 BYUI Semester\CSE231 - Inheritance Design\InheritanceDesign\Lab09\Lab09.cpp(116,4): error C2065: 'pDemo': undeclared identifier
C:\Users\mathk\OneDrive\Documents\To Laptop - Doc\BYU-I\Fall 2025 BYUI Semester\CSE231 - Inheritance Design\InheritanceDesign\Lab09\Lab09.cpp(117,4): error C2065: 'pDemo': undeclared identifier
C:\Users\mathk\OneDrive\Documents\To Laptop - Doc\BYU-I\Fall 2025 BYUI Semester\CSE231 - Inheritance Design\InheritanceDesign\Lab09\Lab09.cpp(119,21): error C2065: 'pDemo': undeclared identifier
C:\Users\mathk\OneDrive\Documents\To Laptop - Doc\BYU-I\Fall 2025 BYUI Semester\CSE231 - Inheritance Design\InheritanceDesign\Lab09\Lab09.cpp(119,33): error C2065: 'TIME_PER_FRAME': undeclared identifier
C:\Users\mathk\OneDrive\Documents\To Laptop - Doc\BYU-I\Fall 2025 BYUI Semester\CSE231 - Inheritance Design\InheritanceDesign\Lab09\Lab09.cpp(119,4): error C3861: 'advanceSatellite': identifier not found
C:\Users\mathk\OneDrive\Documents\To Laptop - Doc\BYU-I\Fall 2025 BYUI Semester\CSE231 - Inheritance Design\InheritanceDesign\Lab09\Lab09.cpp(134,8): error C2065: 'pDemo': undeclared identifier
C:\Users\mathk\OneDrive\Documents\To Laptop - Doc\BYU-I\Fall 2025 BYUI Semester\CSE231 - Inheritance Design\InheritanceDesign\Lab09\Lab09.cpp(137,25): error C2065: 'pDemo': undeclared identifier
C:\Users\mathk\OneDrive\Documents\To Laptop - Doc\BYU-I\Fall 2025 BYUI Semester\CSE231 - Inheritance Design\InheritanceDesign\Lab09\Lab09.cpp(138,25): error C2065: 'pDemo': undeclared identifier
C:\Users\mathk\OneDrive\Documents\To Laptop - Doc\BYU-I\Fall 2025 BYUI Semester\CSE231 - Inheritance Design\InheritanceDesign\Lab09\Lab09.cpp(165,18): error C2065: 'pDemo': undeclared identifier
C:\Users\mathk\OneDrive\Documents\To Laptop - Doc\BYU-I\Fall 2025 BYUI Semester\CSE231 - Inheritance Design\InheritanceDesign\Lab09\Lab09.cpp(165,33): error C2065: 'pDemo': undeclared identifier
C:\Users\mathk\OneDrive\Documents\To Laptop - Doc\BYU-I\Fall 2025 BYUI Semester\CSE231 - Inheritance Design\InheritanceDesign\Lab09\Lab09.cpp(165,9): error C2660: 'ogstream::drawStar': function does not take 1 arguments
      C:\Users\mathk\OneDrive\Documents\To Laptop - Doc\BYU-I\Fall 2025 BYUI Semester\CSE231 - Inheritance Design\InheritanceDesign\Lab09\uiDraw.h(78,17):
      see declaration of 'ogstream::drawStar'
      C:\Users\mathk\OneDrive\Documents\To Laptop - Doc\BYU-I\Fall 2025 BYUI Semester\CSE231 - Inheritance Design\InheritanceDesign\Lab09\Lab09.cpp(165,9):
      while trying to match the argument list '()'
  
C:\Users\mathk\OneDrive\Documents\To Laptop - Doc\BYU-I\Fall 2025 BYUI Semester\CSE231 - Inheritance Design\InheritanceDesign\Lab09\Lab09.cpp(169,23): error C2065: 'pDemo': undeclared identifier
C:\Users\mathk\OneDrive\Documents\To Laptop - Doc\BYU-I\Fall 2025 BYUI Semester\CSE231 - Inheritance Design\InheritanceDesign\Lab09\Lab09.cpp(169,9): error C2660: 'ogstream::drawEarth': function does not take 1 arguments
      C:\Users\mathk\OneDrive\Documents\To Laptop - Doc\BYU-I\Fall 2025 BYUI Semester\CSE231 - Inheritance Design\InheritanceDesign\Lab09\uiDraw.h(76,17):
      see declaration of 'ogstream::drawEarth'
      C:\Users\mathk\OneDrive\Documents\To Laptop - Doc\BYU-I\Fall 2025 BYUI Semester\CSE231 - Inheritance Design\InheritanceDesign\Lab09\Lab09.cpp(169,9):
      while trying to match the argument list '(Position)'
  
C:\Users\mathk\OneDrive\Documents\To Laptop - Doc\BYU-I\Fall 2025 BYUI Semester\CSE231 - Inheritance Design\InheritanceDesign\Lab09\Lab09.cpp(202,4): error C2065: 'Demo': undeclared identifier
C:\Users\mathk\OneDrive\Documents\To Laptop - Doc\BYU-I\Fall 2025 BYUI Semester\CSE231 - Inheritance Design\InheritanceDesign\Lab09\Lab09.cpp(202,9): error C2146: syntax error: missing ';' before identifier 'demo'
C:\Users\mathk\OneDrive\Documents\To Laptop - Doc\BYU-I\Fall 2025 BYUI Semester\CSE231 - Inheritance Design\InheritanceDesign\Lab09\Lab09.cpp(202,9): error C3861: 'demo': identifier not found
C:\Users\mathk\OneDrive\Documents\To Laptop - Doc\BYU-I\Fall 2025 BYUI Semester\CSE231 - Inheritance Design\InheritanceDesign\Lab09\Lab09.cpp(205,22): error C2065: 'demo': undeclared identifier
  physics.cpp
  satellite.cpp
C:\Users\mathk\OneDrive\Documents\To Laptop - Doc\BYU-I\Fall 2025 BYUI Semester\CSE231 - Inheritance Design\InheritanceDesign\Lab09\satellite.cpp(17,26): error C2039: 'x': is not a member of 'Satellite'
      C:\Users\mathk\OneDrive\Documents\To Laptop - Doc\BYU-I\Fall 2025 BYUI Semester\CSE231 - Inheritance Design\InheritanceDesign\Lab09\satellite.h(10,7):
      see declaration of 'Satellite'
  
C:\Users\mathk\OneDrive\Documents\To Laptop - Doc\BYU-I\Fall 2025 BYUI Semester\CSE231 - Inheritance Design\InheritanceDesign\Lab09\satellite.cpp(17,31): error C2039: 'y': is not a member of 'Satellite'
      C:\Users\mathk\OneDrive\Documents\To Laptop - Doc\BYU-I\Fall 2025 BYUI Semester\CSE231 - Inheritance Design\InheritanceDesign\Lab09\satellite.h(10,7):
      see declaration of 'Satellite'
  
C:\Users\mathk\OneDrive\Documents\To Laptop - Doc\BYU-I\Fall 2025 BYUI Semester\CSE231 - Inheritance Design\InheritanceDesign\Lab09\satellite.cpp(17,4): error C3861: 'computeAcceleration': identifier not found
C:\Users\mathk\OneDrive\Documents\To Laptop - Doc\BYU-I\Fall 2025 BYUI Semester\CSE231 - Inheritance Design\InheritanceDesign\Lab09\satellite.cpp(20,6): error C2039: 'x': is not a member of 'Satellite'
      C:\Users\mathk\OneDrive\Documents\To Laptop - Doc\BYU-I\Fall 2025 BYUI Semester\CSE231 - Inheritance Design\InheritanceDesign\Lab09\satellite.h(10,7):
      see declaration of 'Satellite'
  
C:\Users\mathk\OneDrive\Documents\To Laptop - Doc\BYU-I\Fall 2025 BYUI Semester\CSE231 - Inheritance Design\InheritanceDesign\Lab09\satellite.cpp(20,13): error C2039: 'dx': is not a member of 'Satellite'
      C:\Users\mathk\OneDrive\Documents\To Laptop - Doc\BYU-I\Fall 2025 BYUI Semester\CSE231 - Inheritance Design\InheritanceDesign\Lab09\satellite.h(10,7):
      see declaration of 'Satellite'
  
C:\Users\mathk\OneDrive\Documents\To Laptop - Doc\BYU-I\Fall 2025 BYUI Semester\CSE231 - Inheritance Design\InheritanceDesign\Lab09\satellite.cpp(21,6): error C2039: 'y': is not a member of 'Satellite'
      C:\Users\mathk\OneDrive\Documents\To Laptop - Doc\BYU-I\Fall 2025 BYUI Semester\CSE231 - Inheritance Design\InheritanceDesign\Lab09\satellite.h(10,7):
      see declaration of 'Satellite'
  
C:\Users\mathk\OneDrive\Documents\To Laptop - Doc\BYU-I\Fall 2025 BYUI Semester\CSE231 - Inheritance Design\InheritanceDesign\Lab09\satellite.cpp(21,13): error C2039: 'dy': is not a member of 'Satellite'
      C:\Users\mathk\OneDrive\Documents\To Laptop - Doc\BYU-I\Fall 2025 BYUI Semester\CSE231 - Inheritance Design\InheritanceDesign\Lab09\satellite.h(10,7):
      see declaration of 'Satellite'
  
C:\Users\mathk\OneDrive\Documents\To Laptop - Doc\BYU-I\Fall 2025 BYUI Semester\CSE231 - Inheritance Design\InheritanceDesign\Lab09\satellite.cpp(24,6): error C2039: 'dx': is not a member of 'Satellite'
      C:\Users\mathk\OneDrive\Documents\To Laptop - Doc\BYU-I\Fall 2025 BYUI Semester\CSE231 - Inheritance Design\InheritanceDesign\Lab09\satellite.h(10,7):
      see declaration of 'Satellite'
  
C:\Users\mathk\OneDrive\Documents\To Laptop - Doc\BYU-I\Fall 2025 BYUI Semester\CSE231 - Inheritance Design\InheritanceDesign\Lab09\satellite.cpp(25,6): error C2039: 'dy': is not a member of 'Satellite'
      C:\Users\mathk\OneDrive\Documents\To Laptop - Doc\BYU-I\Fall 2025 BYUI Semester\CSE231 - Inheritance Design\InheritanceDesign\Lab09\satellite.h(10,7):
      see declaration of 'Satellite'
  
  velocity.cpp
  Generating Code...
