c:\users\michael j\source\repos\inheritancedesignnew\lab10\lab07\x64\debug\vc143.pdb
c:\users\michael j\source\repos\inheritancedesignnew\lab10\lab07\x64\debug\vc143.idb
c:\users\michael j\source\repos\inheritancedesignnew\lab10\lab07\x64\debug\velocity.obj
c:\users\michael j\source\repos\inheritancedesignnew\lab10\lab07\x64\debug\uiinteract.obj
c:\users\michael j\source\repos\inheritancedesignnew\lab10\lab07\x64\debug\uidraw.obj
c:\users\michael j\source\repos\inheritancedesignnew\lab10\lab07\x64\debug\test.obj
c:\users\michael j\source\repos\inheritancedesignnew\lab10\lab07\x64\debug\satellite.obj
c:\users\michael j\source\repos\inheritancedesignnew\lab10\lab07\x64\debug\position.obj
c:\users\michael j\source\repos\inheritancedesignnew\lab10\lab07\x64\debug\physics.obj
c:\users\michael j\source\repos\inheritancedesignnew\lab10\lab07\x64\debug\lab07.obj
c:\users\michael j\source\repos\inheritancedesignnew\lab10\lab07\x64\debug\entity.obj
c:\users\michael j\source\repos\inheritancedesignnew\lab10\lab07\x64\debug\bullet.obj
c:\users\michael j\source\repos\inheritancedesignnew\lab10\lab07\x64\debug\lab07.ilk
c:\users\michael j\source\repos\inheritancedesignnew\lab10\x64\debug\lab07.pdb
c:\users\michael j\source\repos\inheritancedesignnew\lab10\lab07\x64\debug\lab07.tlog\cl.command.1.tlog
c:\users\michael j\source\repos\inheritancedesignnew\lab10\lab07\x64\debug\lab07.tlog\cl.items.tlog
c:\users\michael j\source\repos\inheritancedesignnew\lab10\lab07\x64\debug\lab07.tlog\cl.read.1.tlog
c:\users\michael j\source\repos\inheritancedesignnew\lab10\lab07\x64\debug\lab07.tlog\cl.write.1.tlog
c:\users\michael j\source\repos\inheritancedesignnew\lab10\lab07\x64\debug\lab07.tlog\link.command.1.tlog
c:\users\michael j\source\repos\inheritancedesignnew\lab10\lab07\x64\debug\lab07.tlog\link.read.1.tlog
c:\users\michael j\source\repos\inheritancedesignnew\lab10\lab07\x64\debug\lab07.tlog\link.secondary.1.tlog
c:\users\michael j\source\repos\inheritancedesignnew\lab10\lab07\x64\debug\lab07.tlog\link.write.1.tlog
